DEBUG:asyncio:Using selector: EpollSelector
检查是否有待推送的新闻...
没有待推送的新闻
检查是否有待推送的新闻...
没有待推送的新闻
检查是否有待推送的新闻...
没有待推送的新闻
检查是否有待推送的新闻...
没有待推送的新闻
检查是否有待推送的新闻...
没有待推送的新闻
检查是否有待推送的新闻...
没有待推送的新闻
检查是否有待推送的新闻...
没有待推送的新闻
检查是否有待推送的新闻...
没有待推送的新闻
检查是否有待推送的新闻...
没有待推送的新闻
检查是否有待推送的新闻...
没有待推送的新闻
检查是否有待推送的新闻...
没有待推送的新闻
检查是否有待推送的新闻...
没有待推送的新闻
检查是否有待推送的新闻...
没有待推送的新闻
检查是否有待推送的新闻...
没有待推送的新闻
检查是否有待推送的新闻...
没有待推送的新闻
检查是否有待推送的新闻...
没有待推送的新闻
检查是否有待推送的新闻...
没有待推送的新闻
检查是否有待推送的新闻...
没有待推送的新闻
检查是否有待推送的新闻...
没有待推送的新闻
检查是否有待推送的新闻...
没有待推送的新闻
检查是否有待推送的新闻...
没有待推送的新闻
检查是否有待推送的新闻...
没有待推送的新闻
检查是否有待推送的新闻...
没有待推送的新闻
检查是否有待推送的新闻...
没有待推送的新闻
检查是否有待推送的新闻...
没有待推送的新闻
检查是否有待推送的新闻...
没有待推送的新闻
检查是否有待推送的新闻...
没有待推送的新闻
检查是否有待推送的新闻...
没有待推送的新闻
检查是否有待推送的新闻...
没有待推送的新闻
检查是否有待推送的新闻...
没有待推送的新闻
检查是否有待推送的新闻...
没有待推送的新闻
检查是否有待推送的新闻...
没有待推送的新闻
检查是否有待推送的新闻...
没有待推送的新闻
检查是否有待推送的新闻...
没有待推送的新闻
检查是否有待推送的新闻...
没有待推送的新闻
检查是否有待推送的新闻...
没有待推送的新闻
检查是否有待推送的新闻...
没有待推送的新闻
检查是否有待推送的新闻...
没有待推送的新闻
检查是否有待推送的新闻...
没有待推送的新闻
检查是否有待推送的新闻...
没有待推送的新闻
检查是否有待推送的新闻...
没有待推送的新闻
检查是否有待推送的新闻...
没有待推送的新闻
检查是否有待推送的新闻...
没有待推送的新闻
检查是否有待推送的新闻...
没有待推送的新闻
检查是否有待推送的新闻...
没有待推送的新闻
检查是否有待推送的新闻...
没有待推送的新闻
检查是否有待推送的新闻...
没有待推送的新闻
检查是否有待推送的新闻...
没有待推送的新闻
检查是否有待推送的新闻...
没有待推送的新闻
检查是否有待推送的新闻...
没有待推送的新闻
检查是否有待推送的新闻...
没有待推送的新闻
检查是否有待推送的新闻...
没有待推送的新闻
检查是否有待推送的新闻...
没有待推送的新闻
检查是否有待推送的新闻...
没有待推送的新闻
检查是否有待推送的新闻...
没有待推送的新闻
检查是否有待推送的新闻...
没有待推送的新闻
检查是否有待推送的新闻...
没有待推送的新闻
检查是否有待推送的新闻...
没有待推送的新闻
检查是否有待推送的新闻...
没有待推送的新闻
检查是否有待推送的新闻...
没有待推送的新闻
检查是否有待推送的新闻...
没有待推送的新闻
检查是否有待推送的新闻...
没有待推送的新闻
检查是否有待推送的新闻...
没有待推送的新闻
检查是否有待推送的新闻...
没有待推送的新闻
检查是否有待推送的新闻...
没有待推送的新闻
检查是否有待推送的新闻...
没有待推送的新闻
检查是否有待推送的新闻...
没有待推送的新闻
检查是否有待推送的新闻...
没有待推送的新闻
检查是否有待推送的新闻...
没有待推送的新闻
检查是否有待推送的新闻...
没有待推送的新闻
检查是否有待推送的新闻...
没有待推送的新闻
检查是否有待推送的新闻...
没有待推送的新闻
检查是否有待推送的新闻...
没有待推送的新闻
检查是否有待推送的新闻...
没有待推送的新闻
检查是否有待推送的新闻...
没有待推送的新闻
检查是否有待推送的新闻...
没有待推送的新闻
检查是否有待推送的新闻...
没有待推送的新闻
检查是否有待推送的新闻...
没有待推送的新闻
检查是否有待推送的新闻...
没有待推送的新闻
检查是否有待推送的新闻...
没有待推送的新闻
检查是否有待推送的新闻...
没有待推送的新闻
检查是否有待推送的新闻...
没有待推送的新闻
检查是否有待推送的新闻...
没有待推送的新闻
检查是否有待推送的新闻...
没有待推送的新闻
检查是否有待推送的新闻...
没有待推送的新闻
检查是否有待推送的新闻...
没有待推送的新闻
检查是否有待推送的新闻...
没有待推送的新闻
检查是否有待推送的新闻...
没有待推送的新闻
检查是否有待推送的新闻...
没有待推送的新闻
检查是否有待推送的新闻...
没有待推送的新闻
检查是否有待推送的新闻...
没有待推送的新闻
检查是否有待推送的新闻...
没有待推送的新闻
检查是否有待推送的新闻...
没有待推送的新闻
检查是否有待推送的新闻...
没有待推送的新闻
检查是否有待推送的新闻...
没有待推送的新闻
检查是否有待推送的新闻...
没有待推送的新闻
检查是否有待推送的新闻...
没有待推送的新闻
检查是否有待推送的新闻...
没有待推送的新闻
检查是否有待推送的新闻...
没有待推送的新闻
检查是否有待推送的新闻...
没有待推送的新闻
检查是否有待推送的新闻...
没有待推送的新闻
检查是否有待推送的新闻...
没有待推送的新闻
检查是否有待推送的新闻...
没有待推送的新闻
检查是否有待推送的新闻...
没有待推送的新闻
检查是否有待推送的新闻...
没有待推送的新闻
检查是否有待推送的新闻...
没有待推送的新闻
检查是否有待推送的新闻...
没有待推送的新闻
检查是否有待推送的新闻...
没有待推送的新闻
检查是否有待推送的新闻...
没有待推送的新闻
检查是否有待推送的新闻...
没有待推送的新闻
检查是否有待推送的新闻...
没有待推送的新闻
检查是否有待推送的新闻...
没有待推送的新闻
检查是否有待推送的新闻...
没有待推送的新闻
检查是否有待推送的新闻...
没有待推送的新闻
检查是否有待推送的新闻...
没有待推送的新闻
检查是否有待推送的新闻...
没有待推送的新闻
检查是否有待推送的新闻...
没有待推送的新闻
检查是否有待推送的新闻...
没有待推送的新闻
检查是否有待推送的新闻...
没有待推送的新闻
检查是否有待推送的新闻...
没有待推送的新闻
检查是否有待推送的新闻...
没有待推送的新闻
检查是否有待推送的新闻...
没有待推送的新闻
检查是否有待推送的新闻...
没有待推送的新闻
检查是否有待推送的新闻...
没有待推送的新闻
检查是否有待推送的新闻...
没有待推送的新闻
检查是否有待推送的新闻...
没有待推送的新闻
检查是否有待推送的新闻...
没有待推送的新闻
检查是否有待推送的新闻...
没有待推送的新闻
检查是否有待推送的新闻...
没有待推送的新闻
检查是否有待推送的新闻...
没有待推送的新闻
检查是否有待推送的新闻...
没有待推送的新闻
检查是否有待推送的新闻...
没有待推送的新闻
检查是否有待推送的新闻...
没有待推送的新闻
检查是否有待推送的新闻...
没有待推送的新闻
检查是否有待推送的新闻...
没有待推送的新闻
检查是否有待推送的新闻...
没有待推送的新闻
检查是否有待推送的新闻...
没有待推送的新闻
检查是否有待推送的新闻...
没有待推送的新闻
检查是否有待推送的新闻...
没有待推送的新闻
检查是否有待推送的新闻...
没有待推送的新闻
检查是否有待推送的新闻...
没有待推送的新闻
检查是否有待推送的新闻...
没有待推送的新闻
检查是否有待推送的新闻...
没有待推送的新闻
检查是否有待推送的新闻...
没有待推送的新闻
检查是否有待推送的新闻...
没有待推送的新闻
检查是否有待推送的新闻...
没有待推送的新闻
检查是否有待推送的新闻...
没有待推送的新闻
检查是否有待推送的新闻...
没有待推送的新闻
检查是否有待推送的新闻...
没有待推送的新闻
检查是否有待推送的新闻...
没有待推送的新闻
检查是否有待推送的新闻...
没有待推送的新闻
检查是否有待推送的新闻...
没有待推送的新闻
检查是否有待推送的新闻...
没有待推送的新闻
检查是否有待推送的新闻...
没有待推送的新闻
检查是否有待推送的新闻...
没有待推送的新闻
检查是否有待推送的新闻...
没有待推送的新闻
检查是否有待推送的新闻...
没有待推送的新闻
检查是否有待推送的新闻...
没有待推送的新闻
检查是否有待推送的新闻...
没有待推送的新闻
检查是否有待推送的新闻...
没有待推送的新闻
检查是否有待推送的新闻...
没有待推送的新闻
检查是否有待推送的新闻...
没有待推送的新闻
检查是否有待推送的新闻...
没有待推送的新闻
检查是否有待推送的新闻...
没有待推送的新闻
检查是否有待推送的新闻...
没有待推送的新闻
检查是否有待推送的新闻...
没有待推送的新闻
检查是否有待推送的新闻...
没有待推送的新闻
检查是否有待推送的新闻...
没有待推送的新闻
检查是否有待推送的新闻...
没有待推送的新闻
检查是否有待推送的新闻...
没有待推送的新闻
检查是否有待推送的新闻...
没有待推送的新闻
检查是否有待推送的新闻...
没有待推送的新闻
检查是否有待推送的新闻...
没有待推送的新闻
检查是否有待推送的新闻...
没有待推送的新闻
检查是否有待推送的新闻...
没有待推送的新闻
检查是否有待推送的新闻...
没有待推送的新闻
检查是否有待推送的新闻...
没有待推送的新闻
检查是否有待推送的新闻...
没有待推送的新闻
检查是否有待推送的新闻...
没有待推送的新闻
检查是否有待推送的新闻...
没有待推送的新闻
检查是否有待推送的新闻...
没有待推送的新闻
检查是否有待推送的新闻...
没有待推送的新闻
检查是否有待推送的新闻...
没有待推送的新闻
检查是否有待推送的新闻...
没有待推送的新闻
检查是否有待推送的新闻...
没有待推送的新闻
检查是否有待推送的新闻...
没有待推送的新闻
检查是否有待推送的新闻...
没有待推送的新闻
检查是否有待推送的新闻...
没有待推送的新闻
检查是否有待推送的新闻...
没有待推送的新闻
检查是否有待推送的新闻...
没有待推送的新闻
检查是否有待推送的新闻...
没有待推送的新闻
检查是否有待推送的新闻...
没有待推送的新闻
检查是否有待推送的新闻...
没有待推送的新闻
检查是否有待推送的新闻...
没有待推送的新闻
检查是否有待推送的新闻...
没有待推送的新闻
检查是否有待推送的新闻...
没有待推送的新闻
检查是否有待推送的新闻...
没有待推送的新闻
检查是否有待推送的新闻...
没有待推送的新闻
检查是否有待推送的新闻...
没有待推送的新闻
检查是否有待推送的新闻...
没有待推送的新闻
检查是否有待推送的新闻...
没有待推送的新闻
检查是否有待推送的新闻...
没有待推送的新闻
检查是否有待推送的新闻...
没有待推送的新闻
检查是否有待推送的新闻...
没有待推送的新闻
检查是否有待推送的新闻...
没有待推送的新闻
检查是否有待推送的新闻...
没有待推送的新闻
检查是否有待推送的新闻...
没有待推送的新闻
检查是否有待推送的新闻...
没有待推送的新闻
检查是否有待推送的新闻...
没有待推送的新闻
检查是否有待推送的新闻...
没有待推送的新闻
检查是否有待推送的新闻...
没有待推送的新闻
检查是否有待推送的新闻...
没有待推送的新闻
检查是否有待推送的新闻...
没有待推送的新闻
检查是否有待推送的新闻...
没有待推送的新闻
检查是否有待推送的新闻...
没有待推送的新闻
检查是否有待推送的新闻...
没有待推送的新闻
检查是否有待推送的新闻...
没有待推送的新闻
检查是否有待推送的新闻...
没有待推送的新闻
检查是否有待推送的新闻...
没有待推送的新闻
检查是否有待推送的新闻...
没有待推送的新闻
检查是否有待推送的新闻...
没有待推送的新闻
检查是否有待推送的新闻...
没有待推送的新闻
检查是否有待推送的新闻...
没有待推送的新闻
检查是否有待推送的新闻...
没有待推送的新闻
检查是否有待推送的新闻...
没有待推送的新闻
检查是否有待推送的新闻...
没有待推送的新闻
检查是否有待推送的新闻...
没有待推送的新闻
检查是否有待推送的新闻...
没有待推送的新闻
检查是否有待推送的新闻...
没有待推送的新闻
检查是否有待推送的新闻...
没有待推送的新闻
检查是否有待推送的新闻...
没有待推送的新闻
检查是否有待推送的新闻...
没有待推送的新闻
检查是否有待推送的新闻...
没有待推送的新闻
检查是否有待推送的新闻...
没有待推送的新闻
检查是否有待推送的新闻...
没有待推送的新闻
检查是否有待推送的新闻...
没有待推送的新闻
检查是否有待推送的新闻...
没有待推送的新闻
检查是否有待推送的新闻...
没有待推送的新闻
检查是否有待推送的新闻...
没有待推送的新闻
检查是否有待推送的新闻...
没有待推送的新闻
检查是否有待推送的新闻...
没有待推送的新闻
检查是否有待推送的新闻...
没有待推送的新闻
检查是否有待推送的新闻...
没有待推送的新闻
检查是否有待推送的新闻...
没有待推送的新闻
检查是否有待推送的新闻...
没有待推送的新闻
检查是否有待推送的新闻...
没有待推送的新闻
检查是否有待推送的新闻...
没有待推送的新闻
检查是否有待推送的新闻...
没有待推送的新闻
检查是否有待推送的新闻...
没有待推送的新闻
检查是否有待推送的新闻...
没有待推送的新闻
检查是否有待推送的新闻...
没有待推送的新闻
检查是否有待推送的新闻...
没有待推送的新闻
检查是否有待推送的新闻...
没有待推送的新闻
检查是否有待推送的新闻...
没有待推送的新闻
检查是否有待推送的新闻...
没有待推送的新闻
检查是否有待推送的新闻...
没有待推送的新闻
检查是否有待推送的新闻...
没有待推送的新闻
检查是否有待推送的新闻...
没有待推送的新闻
检查是否有待推送的新闻...
没有待推送的新闻
检查是否有待推送的新闻...
没有待推送的新闻
检查是否有待推送的新闻...
没有待推送的新闻
检查是否有待推送的新闻...
没有待推送的新闻
检查是否有待推送的新闻...
没有待推送的新闻
检查是否有待推送的新闻...
没有待推送的新闻
检查是否有待推送的新闻...
没有待推送的新闻DEBUG:jpush:Making POST request to https://api.jpush.cn/v3/push. Headers:
	user-agent: jpush-api-python-client
	connection: keep-alive
	content-type: application/json;charset:utf-8
Body:
	{"audience": {"registration_id": ["101d8559086026533a0", "101d855908602693a7f", "101d855908602799bc9", "101d8559086037b7a55", "101d855908604f9c1af", "101d855908604fd6596", "101d85590860e1a9609", "101d85590860eabb685", "101d85590860ef7d18b", "101d85590860f0798b8", "101d85590860f3e850c", "101d855908610af322f", "101d855908610b1f61f", "101d855908610c1972b", "101d855908610d702e4", "101d85590861aa5aea4", "101d85590861adc22eb", "101d85590861ae196b5", "101d85590861b2c1888", "101d85590861b37b2f8", "101d85590861d14b250", "101d85590861ff1f940", "101d855908621509300", "101d8559086245eecbf", "101d85590862ce09fad", "101d85590862d1bcc48", "101d85590862d310546", "101d8559086308e027e", "101d855908637152741", "101d8559086373316fc", "101d8559086377c82d1", "101d85590863d18c227", "101d85590864111a3f0", "101d855908641675c45", "101d855908645d15b75", "101d855908647920d6b", "101d8559086486c5da5", "101d85590864b7987ff", "101d85590864d3cd6bc", "101d85590864d5a726e", "101d85590864d7aa5bc", "101d85590864d8c9fc1", "101d855908651c4c3f7", "101d8559086557ffc8d", "101d855908655b3ed50", "101d855908657678c68", "101d855908658f838e1", "101d855908659b0f3f7", "101d85590865bd01415", "101d85590865ffb3f6f", "101d855908660b134b4", "101d855908660c7ab34", "101d855908661be456c", "101d8559086641155d5", "101d855908666f54500", "101d8559086670671ee", "101d85590866712db53", "101d855908668c3becb", "101d855908668cfcbfe", "101d855908669462788", "101d85590866bc31181", "101d8559086703ca29b", "101d855908670537885", "101d8559086706021ff", "101d855908672ff3571", "101d85590867318c8c2", "101d8559086752de135", "101d855908677d85e66", "101d855908679a5517f", "101d85590867a9e37c9", "101d85590867ae6f7d5", "101d85590867f11974c", "101d85590867f14a269", "101d85590867f6ccbc8", "101d8559086c6f90397", "101d8559086ca27f266", "101d8559086df360cc0", "101d8559086e28a04fa", "101d8559086e5ddd673", "101d8559086f0dae330", "101d8559086f28d15fb", "101d8559086fac48885", "101d8559086fccd8025", "101d8559087a141a250", "101d8559087a36eb97a", "101d8559087a373ad88", "101d8559087a5642dff", "101d8559087a56a749a", "101d8559087a59a161c", "101d8559087a73d4638", "101d8559087ac28d8f0", "101d8559087af40b84e", "101d8559087af943759", "101d8559087afb10893", "101d8559087b5821190", "101d8559087b667933e", "101d8559087b6a64ac7", "101d8559087b720bf9a", "101d8559087b750a3c4", "1114a89793803ff15bc", "1114a89793809e6b53b", "1114a897938131d8caa", "1114a8979381b831587", "1114a8979381c067e08", "1114a8979381de2536c", "1114a8979381df3f771", "1114a8979381df76188", "1114a8979382d3f06ad", "1114a8979382eac7221", "1114a8979382fa651b4", "1114a897938312c33e0", "1114a89793835968306", "1114a8979383847cdef", "1114a89793870ee3e36", "1114a8979387ee116bc", "1114a8979387f3c4aba", "1114a89793881adf40e", "1114a89793885493c5d", "1114a89793886ee4d24", "1114a8979388dd4e48a", "1114a8979388e00b69b", "1114a8979388e6b17af", "1114a8979388f80d376", "1114a8979388fa8bb1c", "1114a8979388fb4cde5", "1114a8979389272af9b", "1114a897938927a10d9", "1114a897938927e9d2f", "1114a897938941533c9", "1114a8979389417e455", "1114a89793894505575", "1114a89793894611808", "1114a897938983cbd1c", "1114a897938985957fd", "1114a8979389879f29d", "1114a897938a61ce479", "1114a897938a6331780", "1114a897938a66b01d9", "1114a897938a85e38f3", "1114a897938aa726659", "1114a897938aad3d27a", "1114a897938ac6a6eff", "1114a897938ac6fd402", "1114a897938afcfc2dc", "1114a897938b46bd8fd", "1114a897938b675dd62", "1114a897938b935bdbb", "1114a897938bcdbd0b9", "1114a897938be275cc5", "1114a897938be285bc0", "1114a897938be32f866", "1114a897938be351b8b", "1114a897938c3809271", "1114a897938c7a2d945", "1114a897938d01ab337", "1114a897938de7245ce", "1114a897938e334ccc5", "1114a897938e3916e0c", "1114a897938e3a61e55", "1114a897938e47eb275", "1114a897938e5ed8006", "1114a897938e8561128", "1114a897938e86e34d6", "1114a897938e98e99b8", "1114a897938e9c1c4fa", "1114a897938e9ddc7e1", "1114a897938e9e5224d", "1114a897938ec6725d9", "1114a897938f4a9466d", "1114a897938f4d42fae", "1114a897938f73869c2", "1114a897938f7ecbbe1", "1114a897938fb80b749", "1114a897938fc4b9f14", "1114a897938fc793e10", "1114a897938fff58008", "1114a89793940bdf2f5", "1114a897939442b0a36", "1114a8979394593ab9d", "1114a897939474d6e1c", "1114a89793947c912fc", "1114a8979394814cf73", "1114a897939483d74b1", "1114a8979394a354f4c", "1114a8979394c95bb5e", "1114a89793952b7c53e", "1114a897939547f45a3", "1114a89793956e7f68e", "121c83f761006e61203", "121c83f7610084fab43", "121c83f761008f2cdc5", "121c83f761008fcd998", "121c83f76100f23e6da", "121c83f76100f945c5a", "121c83f761012d60c34", "121c83f76101e2414ab", "121c83f761020000910", "121c83f761022cf10c6", "121c83f761025daecc4", "121c83f76102a401e2f", "121c83f76102a6dcaeb", "121c83f76102adb2e34", "121c83f76102c9c2124", "121c83f76102cbc69f3", "121c83f76102cf9bf33", "121c83f76102eea1c2b", "121c83f76102f0324af", "121c83f76102f32dc53", "121c83f7610314bf14e", "121c83f7610315711fd", "121c83f761034ddc256", "121c83f76103664aea6", "121c83f7610372e2022", "121c83f761038dfe293", "121c83f76103b657a46", "121c83f76103b78275b", "121c83f76103b9e2a5f", "121c83f76103ca1383a", "121c83f76103d524d8d", "121c83f76103d544b16", "121c83f76103d75ce85", "121c83f76103d7b9417", "121c83f76103d842f6d", "121c83f76103e350983", "121c83f76103fad3603", "121c83f76104082c143", "121c83f7610426e27d4", "121c83f76104434e58e", "121c83f76104554f254", "121c83f76104a92d4ef", "121c83f76104cac3b1e", "121c83f76104cac617c", "121c83f76104ce0ad80", "121c83f76104d08d7d6", "121c83f76104d2b5b2b", "121c83f76104d340ba8", "121c83f761051fbdaeb", "121c83f7610526349b1", "121c83f76105441d3e6", "121c83f761058d7585d", "121c83f761058e1f3bf", "121c83f761058e44e64", "121c83f761058f3907a", "121c83f76105baca61e", "121c83f76105e3870c3", "121c83f7610616ae9bd", "121c83f761066860b30", "121c83f7610669d7776", "121c83f761066a1660c", "121c83f76106dbdf375", "121c83f761072903498", "121c83f761072d5ab0b", "121c83f761074724a9c", "121c83f7610747a3679", "121c83f76107773825a", "121c83f761077db5d4f", "121c83f76107e705897", "121c83f76107edb67c9", "121c83f76107ef90edf", "121c83f7610c332ebe0", "121c83f7610c535ec69", "121c83f7610e068d6f0", "121c83f7610e0f32aba", "121c83f7610e0f3c0c1", "121c83f7610e9b51b2b", "121c83f761189050b39", "121c83f76118c77537b", "121c83f76118e447f60", "121c83f761195990ef2", "121c83f7611959b3020", "121c83f761196387b0d", "121c83f7611981688d3", "121c83f76119b05b90c", "121c83f76119c7a3436", "13165ffa4f208cf7ca0", "13165ffa4f20a70af76", "13165ffa4f219fac68c", "13165ffa4f21f0034a6", "13165ffa4f222649635", "13165ffa4f22825d167", "13165ffa4f23379585c", "13165ffa4f23c294caf", "13165ffa4f26dd77836", "13165ffa4f281c36663", "13165ffa4f2858dd645", "13165ffa4f285a5386e", "13165ffa4f285e3092c", "13165ffa4f285fb949d", "13165ffa4f28994e1f7", "13165ffa4f28e37981c", "13165ffa4f28f96b3b8", "13165ffa4f28fa56047", "13165ffa4f28ff78bac", "13165ffa4f291433a98", "13165ffa4f292ba8e9f", "13165ffa4f293eb6784", "13165ffa4f29426a57c", "13165ffa4f295ef19be", "13165ffa4f298dab46b", "13165ffa4f29b59620e", "13165ffa4f29ee95d28", "13165ffa4f29f395f17", "13165ffa4f2a2895925", "13165ffa4f2a2d6ebad", "13165ffa4f2a7214738", "13165ffa4f2a7227eb4", "13165ffa4f2a8786d7a", "13165ffa4f2ac666372", "13165ffa4f2ae51c56d", "13165ffa4f2aef5b8e0", "13165ffa4f2b03faf09", "13165ffa4f2b2b57840", "13165ffa4f2b43dc8a5", "13165ffa4f2b62a32be", "13165ffa4f2b7461878", "13165ffa4f2b7a6d8e4", "13165ffa4f2b7e5f9d6", "13165ffa4f2d03db428", "13165ffa4f2d1e98daa", "13165ffa4f2d1eb98b1", "13165ffa4f2d6373f4c", "13165ffa4f2db244d66", "13165ffa4f2e1f3723d", "13165ffa4f2e402503f", "13165ffa4f2e477ff93", "13165ffa4f2e6358d02", "13165ffa4f2e7dde2d2", "13165ffa4f2e8a4c0b6", "13165ffa4f2ea0c0bed", "13165ffa4f2ea59da70", "13165ffa4f2ea5ed878", "13165ffa4f2f34f7f90", "13165ffa4f2f435b487", "13165ffa4f2f46a4dee", "13165ffa4f2f4ea928d", "13165ffa4f2f76928d1", "13165ffa4f2f7efcc1e", "13165ffa4f2f88724d6", "13165ffa4f2f9ad4eef", "13165ffa4f2f9c2ee1b", "13165ffa4f2f9e7bbf5", "13165ffa4f2fdea07d5", "13165ffa4f2fe142a96", "13165ffa4f2fe171203", "13165ffa4f2fe4496b7", "13165ffa4f2fe579fa8", "13165ffa4f2fe63202b", "13165ffa4f34f4dda92", "13165ffa4f3530952d8", "13165ffa4f3536afc0b", "13165ffa4f3554e97c4", "13165ffa4f359b56eb7", "13165ffa4f35f0fbaa1", "13165ffa4f35f5031c2", "13165ffa4f35f5f5d11", "13165ffa4f35f6cee2d", "13165ffa4f35f80b6a5", "13165ffa4f35f9a4271", "13165ffa4f35fa57926", "141fe1da9f800bd77e9", "141fe1da9f80c217fcb", "141fe1da9f80c2616b1", "141fe1da9f80d90c5d3", "141fe1da9f80ddc90f7", "141fe1da9f81fc76909", "141fe1da9f8363ecaf7", "141fe1da9f844f2fb02", "141fe1da9f8819a94a6", "141fe1da9f881cef0a8", "141fe1da9f881e5ff35", "141fe1da9f883f3d3aa", "141fe1da9f88655ad95", "141fe1da9f88778a5b2", "141fe1da9f887a4934c", "141fe1da9f887a6aafe", "141fe1da9f887be042e", "141fe1da9f887dbf66f", "141fe1da9f887e58282", "141fe1da9f88b9e425d", "141fe1da9f88bc43ec4", "141fe1da9f88bc60bc8", "141fe1da9f891e0a691", "141fe1da9f8937ebf3a", "141fe1da9f893851540", "141fe1da9f893ac4a7a", "141fe1da9f89b09d193", "141fe1da9f89b8794de", "141fe1da9f89bfc9b0e", "141fe1da9f8a2068874", "141fe1da9f8a3d81a62", "141fe1da9f8a3f9b534", "141fe1da9f8ac19f3be", "141fe1da9f8ae4feace", "141fe1da9f8b0eb583c", "141fe1da9f8b58a893c", "141fe1da9f8b8092321", "141fe1da9f8b81a3a1b", "141fe1da9f8b9a0fce4", "141fe1da9f8baa03632", "141fe1da9f8bc7a1d14", "141fe1da9f8bfc6896f", "141fe1da9f8c258026e", "141fe1da9f8c409adc2", "141fe1da9f8c477a090", "141fe1da9f8c5e899e8", "141fe1da9f8c5ee51e5", "141fe1da9f8c8634f8c", "141fe1da9f8c8664ca9", "141fe1da9f8c874111f", "141fe1da9f8c89f2895", "141fe1da9f8c9a285c0", "141fe1da9f8cc381f45", "141fe1da9f8ce11a8ea", "141fe1da9f8ce1af192", "141fe1da9f8ce1b4023", "141fe1da9f8ce4aeb70", "141fe1da9f8cff429b8", "141fe1da9f8d000b6f5", "141fe1da9f8d0241d56", "141fe1da9f8d0333576", "141fe1da9f8d060b4ad", "141fe1da9f8d60039ff", "141fe1da9f8da0f3573", "141fe1da9f8da615f8e", "141fe1da9f8dbfb15eb", "141fe1da9f8dec6df6a", "141fe1da9f8df2632a5", "141fe1da9f8df8806de", "141fe1da9f8e1e64f43", "141fe1da9f8ebe6c53f", "141fe1da9f8f051a96b", "141fe1da9f8f3c23ac1", "141fe1da9f8fd1b72e0", "141fe1da9f8fdd73399", "141fe1da9f96358cbce", "141fe1da9f963b0800a", "141fe1da9f9644cde04", "141fe1da9f964b3438f", "141fe1da9f965579951", "141fe1da9f965997c04", "141fe1da9f96775c6d5", "141fe1da9f967ceb4c7", "141fe1da9f96995763d", "141fe1da9f96afc8b62", "141fe1da9f96f395fe3", "141fe1da9f96f4c2270", "141fe1da9f96f8befe8", "141fe1da9f97a6bc19d", "141fe1da9f97b40ebff", "141fe1da9f97c4a069b", "141fe1da9f97c50d5b7", "141fe1da9f97f64ef1b", "1517bfd3f6e04cb75fe", "1517bfd3f6e04ccf5b8", "1517bfd3f6e0548f817", "1517bfd3f6e05b70718", "1517bfd3f6e08ba0ea7", "1517bfd3f6e08eb29c4", "1517bfd3f6e090b159b", "1517bfd3f6e09241753", "1517bfd3f6e09aa3d3d", "1517bfd3f6e0c74bc95", "1517bfd3f6e0f38fc41", "1517bfd3f6e0f832fac", "1517bfd3f6e10d29654", "1517bfd3f6e10d9d1dd", "1517bfd3f6e18472ff2", "1517bfd3f6e189a8d11", "1517bfd3f6e1b3f6387", "1517bfd3f6e1e89bacb", "1517bfd3f6e1e976732", "1517bfd3f6e20ce010c", "1517bfd3f6e2126e3b7", "1517bfd3f6e25f4ded3", "1517bfd3f6e2ac34e01", "1517bfd3f6e32e6e352", "1517bfd3f6e3bdd0fcb", "1517bfd3f6e3cdde334", "1517bfd3f6e408bb26e", "1517bfd3f6e41592acd", "1517bfd3f6e4344bfec", "1517bfd3f6e44f0788c", "1517bfd3f6e468c9edb", "1517bfd3f6e486ba534", "1517bfd3f6e4a56b627", "1517bfd3f6e4ac7a6ca", "1517bfd3f6e4d34aec3", "1517bfd3f6e52588708", "1517bfd3f6e52821986", "1517bfd3f6e528f7aad", "1517bfd3f6e5a11affa", "1517bfd3f6e5cef6f12", "1517bfd3f6e613954e7", "1517bfd3f6e6172fe59", "1517bfd3f6e62817bb4", "1517bfd3f6e673c6d2c", "1517bfd3f6e69108f36", "1517bfd3f6e6af67ccf", "1517bfd3f6e6c9ece37", "1517bfd3f6e6cda087f", "1517bfd3f6e6cf6d380", "1517bfd3f6e708482ec", "1517bfd3f6e74e15f0f", "1517bfd3f6e79378bd5", "1517bfd3f6e7afe8284", "1517bfd3f6e7b9f3ab5", "1517bfd3f6e9c8f5f0f", "1517bfd3f6ec29977ff", "1517bfd3f6ec79d60da", "1517bfd3f6ecbe25dfc", "1517bfd3f6ecbe900c3", "1517bfd3f6ecd0ff26e", "1517bfd3f6ed939ed4b", "1517bfd3f6eded1befd", "1517bfd3f6edf266f5f", "1517bfd3f6ee407e9cf", "1517bfd3f6ef711ca74", "1517bfd3f6efacf14c2", "1517bfd3f6fa6539c02", "1517bfd3f6fa871550b", "1517bfd3f6fa8749255", "1517bfd3f6fa88663b0", "1517bfd3f6fa8b83ac3", "1517bfd3f6faad6ab7a", "1517bfd3f6fabf339e2", "1517bfd3f6fae9ff436", "1517bfd3f6fb8a26292", "1517bfd3f6fbca77a1d", "1517bfd3f6fbd1217ad", "161a3797c92001a9a91", "161a3797c9213979c72", "161a3797c9219b1e684", "161a3797c921a3d6db2", "161a3797c921bece11d", "161a3797c921beeffe5", "161a3797c922400d0cb", "161a3797c9227d745e8", "161a3797c922a1f8822", "161a3797c922a2691e9", "161a3797c922a289d24", "161a3797c922bd83541", "161a3797c922c105d41", "161a3797c922c11f412", "161a3797c922deffea8", "161a3797c92321e496e", "161a3797c9233f2fb57", "161a3797c92351fdb97", "161a3797c923562b3dc", "161a3797c9235b25ebd", "161a3797c92399bf62d", "161a3797c9239b35efb", "161a3797c9239e70c25", "161a3797c9239f9f482", "161a3797c9239fbedad", "161a3797c923d03352a", "161a3797c923e25e2f9", "161a3797c92421d86e8", "161a3797c92427206bf", "161a3797c924278799f", "161a3797c92427b3644", "161a3797c924419a041", "161a3797c92441f2836", "161a3797c92456580e3", "161a3797c9245ee674a", "161a3797c92485a971b", "161a3797c92486caf44", "161a3797c924b7c6e99", "161a3797c92505d6da9", "161a3797c9251cab795", "161a3797c9251cc468c", "161a3797c9258694c5a", "161a3797c925d7bc254", "161a3797c925dca811d", "161a3797c925e5dfc33", "161a3797c9260234c6a", "161a3797c9260621791", "161a3797c92607999c2", "161a3797c9260b67709", "161a3797c92639f754c", "161a3797c9265619117", "161a3797c92659fd182", "161a3797c926af310d1", "161a3797c926c2c8bc0", "161a3797c926c89740e", "161a3797c926e252421", "161a3797c926e501533", "161a3797c926ea13b96", "161a3797c9271d37335", "161a3797c9271df344f", "161a3797c9276415bb9", "161a3797c927869011f", "161a3797c927a4225ee", "161a3797c927a4933ab", "161a3797c927a56d7b2", "161a3797c927a783911", "161a3797c927c39c764", "161a3797c927c940ebd", "161a3797c927c9d9a8d", "161a3797c927d15d3b5", "161a3797c92a07793db", "161a3797c92bb73172b", "161a3797c92c7a07d9b", "161a3797c92cc7b36fc", "161a3797c92cdd5f270", "161a3797c92d2445def", "161a3797c92d9bb1fbe", "161a3797c92e22de611", "161a3797c92e5e5427b", "161a3797c92e9fcb4c9", "161a3797c92f1abbb3c", "161a3797c92f1d54472", "161a3797c92f76ff40a", "161a3797c92ffcc3dbd", "161a3797c9382fa01dd", "161a3797c9384ed0766", "161a3797c9386dc2b8c", "161a3797c93925b2ae2", "161a3797c939298b3ba", "161a3797c939440d245", "161a3797c9394a9eaab", "161a3797c939840b148", "161a3797c9398dffe20", "161a3797c9399fcd959", "161a3797c939b07bca5", "161a3797c939b955830", "171976fa8ba0079633c", "171976fa8ba0110a2b9", "171976fa8ba02b335a9", "171976fa8ba045de060", "171976fa8ba046e4ee4", "171976fa8ba047a6854", "171976fa8ba0794baeb", "171976fa8ba091c610f", "171976fa8ba0993afb5", "171976fa8ba0e152d0c", "171976fa8ba0e155c0f", "171976fa8ba0e450929", "171976fa8ba0e4640ca", "171976fa8ba10ef7d83", "171976fa8ba119b0bfc", "171976fa8ba12247ed4", "171976fa8ba16c85b3f", "171976fa8ba192b143c", "171976fa8ba1d8463cd", "171976fa8ba2203e537", "171976fa8ba2216bdb5", "171976fa8ba2220481e", "171976fa8ba22f521ca", "171976fa8ba23be890f", "171976fa8ba26dfd88d", "171976fa8ba2c2b7703", "171976fa8ba2c45458d", "171976fa8ba2f28d38a", "171976fa8ba305d888e", "171976fa8ba363f90f2", "171976fa8ba365d47ab", "171976fa8ba36f256d1", "171976fa8ba39a121c0", "171976fa8ba3cb99583", "171976fa8ba3e6830bf", "171976fa8ba423bb4e3", "171976fa8ba42445ecd", "171976fa8ba42682ace", "171976fa8ba4b1577f3", "171976fa8ba4c50fd00", "171976fa8ba50384b00", "171976fa8ba5076de23", "171976fa8ba5636b128", "171976fa8ba5657b43a", "171976fa8ba567e94c8", "171976fa8ba5a6797bd", "171976fa8ba604b4f57", "171976fa8ba61dcb7e5", "171976fa8ba61f1d3e6", "171976fa8ba63034c8a", "171976fa8ba6434a2dd", "171976fa8ba68857ae0", "171976fa8ba68997d45", "171976fa8ba68e3be5f", "171976fa8ba69571e76", "171976fa8ba6be9bdd8", "171976fa8ba6e0971ba", "171976fa8ba716914fb", "171976fa8ba725149de", "171976fa8ba7382bfb3", "171976fa8ba7596bc85", "171976fa8ba75c8e293", "171976fa8ba78506f31", "171976fa8ba7850c569", "171976fa8ba79d05819", "171976fa8ba79e077e8", "171976fa8ba79e14ea0", "171976fa8ba79e47ad5", "171976fa8ba79f10528", "171976fa8ba7ad11cca", "171976fa8ba7f10ed74", "171976fa8ba7fc7442e", "171976fa8ba80dc4442", "171976fa8ba81b84e08", "171976fa8ba81ba17e9", "171976fa8ba87b8dda5", "171976fa8ba87b8dfb9", "171976fa8ba8b84efd4", "171976fa8ba94bf982c", "171976fa8baa3317878", "171976fa8baa474351f", "171976fa8baa59bed18", "171976fa8baa995d3c7", "171976fa8bab16eda14", "171976fa8bab7274cf3", "171976fa8baf5734bb2", "171976fa8baf6d3bb90", "171976fa8bbca3154db", "171976fa8bbcace01a1", "171976fa8bbcad50703", "171976fa8bbcaeb1308", "171976fa8bbcb2b2a7f", "171976fa8bbcd8e9e84", "171976fa8bbd1687f27", "171976fa8bbd5ff10c3", "171976fa8bbd76e3b27", "171976fa8bbde02bdf9", "171976fa8bbdef161b2", "18171adc0222f3671c9", "18171adc02247236fda", "18171adc0224c72029b", "18171adc0224d2807db", "18171adc0224d581bb3", "18171adc022533d2ea0", "18171adc02265710966", "18171adc0226b6e8e80", "18171adc0227773729e", "18171adc02277787cf6", "18171adc0227ba3758b", "18171adc0227c83f737", "18171adc022888c1a90", "18171adc02288950a38", "18171adc0228896c366", "18171adc02289798132", "18171adc0228e96c230", "18171adc0228ea616db", "18171adc0228ead34b3", "18171adc02294b6bff7", "18171adc02294dcaa38", "18171adc022a003125e", "18171adc022a0878ccc", "18171adc022a08ada07", "18171adc022a09e9fe3", "18171adc022a110abe1", "18171adc022a155233c", "18171adc022a48a100a", "18171adc022a4d17f1f", "18171adc022a68070d4", "18171adc022a6807562", "18171adc022a686c916", "18171adc022a6992f6e", "18171adc022a76c1659", "18171adc022a77801e7", "18171adc022ad041d1f", "18171adc022ad3b804a", "18171adc022ad622363", "18171adc022b04c467b", "18171adc022b30cff35", "18171adc022b361ffad", "18171adc022b37d73c3", "18171adc022b3f12789", "18171adc022b418b343", "18171adc022b561c565", "18171adc022b618f502", "18171adc022b888b003", "18171adc022b928a71a", "18171adc022b943f2e4", "18171adc022b971261e", "18171adc022b97ed86b", "18171adc022bc1e3a21", "18171adc022bec53e0c", "18171adc022bf7d5ca0", "18171adc022c0799be2", "18171adc022c4ce3cc4", "18171adc022c56f0f2d", "18171adc022c732c1f4", "18171adc022ca95ea16", "18171adc022cb615bbf", "18171adc022cb699108", "18171adc022cb6bea5d", "18171adc022cb6e3392", "18171adc022cb733068", "18171adc022cccd0e01", "18171adc022d0953733", "18171adc022d09795d1", "18171adc022d0b88b3a", "18171adc022d195049e", "18171adc022d4488122", "18171adc022d68ce190", "18171adc022d6bd5082", "18171adc022d71d46cc", "18171adc022d99b4d95", "18171adc022d9aeeb38", "18171adc022da8d6f4a", "18171adc022dcade2da", "18171adc022dcf8497b", "18171adc022df403322", "18171adc022e0b38e97", "18171adc022e0f3f90a", "18171adc022e64a6b71", "18171adc022e6c9f38e", "18171adc022e76b3332", "18171adc022e9858720", "18171adc022ebca8f72", "18171adc022ee19c10a", "18171adc022eec5f457", "18171adc022f0ffac31", "18171adc022f11d2820", "18171adc022f560980c", "18171adc022f65d6854", "18171adc022f7387278", "18171adc022fac0c0a9", "18171adc022fad4afcf", "18171adc022fe779e99", "18171adc022fecd5968", "18171adc0230478f0d3", "18171adc0230495ae6d", "18171adc023060cf621", "18171adc02306c642d3", "18171adc02306e83c91", "18171adc023075364d3", "18171adc023097406b7", "18171adc0230f936091", "18171adc023104bae43", "18171adc02316028bd4", "191e35f7e16010c2e8f", "191e35f7e160be6cd74", "191e35f7e160fa3b93c", "191e35f7e16124b4bea", "191e35f7e16126fb7a9", "191e35f7e1621261d27", "191e35f7e162135578b", "191e35f7e1623814af2", "191e35f7e162475f73a", "191e35f7e16263181e7", "191e35f7e1627dae4c4", "191e35f7e1627f6efec", "191e35f7e162b0f78b7", "191e35f7e162b29fcad", "191e35f7e162bd626ec", "191e35f7e162e90017f", "191e35f7e163125ccb5", "191e35f7e16318d424b", "191e35f7e1631aaebda", "191e35f7e1634577c51", "191e35f7e16359ec6f0", "191e35f7e1635f3ec5c", "191e35f7e1638503b45", "191e35f7e1639a058d6", "191e35f7e163aeccfe9", "191e35f7e163fdf6551", "191e35f7e163ff87e15", "191e35f7e16410495ec", "191e35f7e1643a2caad", "191e35f7e1648281200", "191e35f7e164c4b5908", "191e35f7e164da378f9", "191e35f7e16504fcf15", "191e35f7e16505447a2", "191e35f7e1653e0aba7", "191e35f7e1656098378", "191e35f7e165672ad5d", "191e35f7e165673bf90", "191e35f7e16567d064d", "191e35f7e1657634f9f", "191e35f7e1657bb503e", "191e35f7e1657bf55e1", "191e35f7e165a0b7e01", "191e35f7e165a172a57", "191e35f7e165a331ff9", "191e35f7e165a538623", "191e35f7e165c203b79", "191e35f7e165f922e5a", "191e35f7e16642ac7de", "191e35f7e16646d8772", "191e35f7e1664720e6b", "191e35f7e166474b56d", "191e35f7e166641fbee", "191e35f7e1668d871ee", "191e35f7e1669e52d09", "191e35f7e166aa9739b", "191e35f7e166d6e23f2", "191e35f7e16720215d0", "191e35f7e16726fe0a8", "191e35f7e1672f1c029", "191e35f7e167c0510db", "191e35f7e167c2426bb", "191e35f7e167c3f6d75", "191e35f7e167c3f7e22", "191e35f7e167ce62ee6", "191e35f7e16a93effdf", "191e35f7e16c00301ea", "191e35f7e16c0c943af", "191e35f7e16d4520708", "191e35f7e16d7522a4b"]}, "platform": "all", "notification": {"ios": {"alert": {"title": "\u6bd4\u7279\u5e01\u73b0\u8d27ETF\u8f6c\u5165\u51c0\u6d41\u5165\uff0c\u6628\u65e5\u589e\u8d857500\u4e07\u7f8e\u5143", "body": "\u54c8\u4e16\u94fe\u95fb\u6d88\u606f\uff0c\u6570\u636e\u663e\u793a\uff0c11\u670819\u65e5\u7f8e\u4e1c\u65f6\u95f4\uff0c\u6bd4\u7279\u5e01\u73b0\u8d27ETF\u603b\u51c0\u6d41\u51657546.96\u4e07\u7f8e\u5143\uff0c\u5728\u8fde\u7eed\u4e94\u65e5\u51c0\u6d41\u51fa\u540e\u9996\u6b21\u5b9e\u73b0\u51c0\u6d41\u5165\u3002\u5176\u4e2d\uff0c\u8d1d\u83b1\u5fb7IBIT\u51c0\u6d41\u51656060.84\u4e07\u7f8e\u5143\uff0c\u7070\u5ea6BTC\u51c0\u6d41\u51655383.83\u4e07\u7f8e\u5143\uff1b\u5bcc\u8fbeFBTC\u51c0\u6d41\u51fa2135.17\u4e07\u7f8e\u5143\u3002\u622a\u81f3\u5f53\u524d\uff0c\u6bd4\u7279\u5e01\u73b0\u8d27ETF\u603b\u8d44\u4ea7\u51c0\u503c\u8fbe1173.45\u4ebf\u7f8e\u5143\uff0c\u5360\u6bd4\u7279\u5e01\u603b\u5e02\u503c6.57%\uff0c\u5386\u53f2\u7d2f\u8ba1\u51c0\u6d41\u5165\u8fbe583\u4ebf\u7f8e\u5143\u3002"}, "badge": "+1", "sound": "default", "extras": {"newsid": "CVDJkdqgKr"}}, "android": {"alert": "\u6bd4\u7279\u5e01\u73b0\u8d27ETF\u8f6c\u5165\u51c0\u6d41\u5165\uff0c\u6628\u65e5\u589e\u8d857500\u4e07\u7f8e\u5143"}}}
DEBUG:urllib3.connectionpool:Starting new HTTPS connection (1): api.jpush.cn:443
DEBUG:urllib3.connectionpool:https://api.jpush.cn:443 "POST /v3/push HTTP/11" 200 43
DEBUG:jpush:Received 200 response. Headers:
	Date: Thu, 20 Nov 2025 05:00:05 GMT
	Content-Type: application/json
	Content-Length: 43
	Connection: keep-alive
	X-Rate-Limit-Limit: 300
	X-Rate-Limit-Remaining: 299
	X-Rate-Limit-Reset: 60
	X-Jpush-Timestamp: 1763614805368
	Server: elb
Body:
	b'{"sendno":"0","msg_id":"18102696240111877"}'
DEBUG:jpush:Making POST request to https://api.jpush.cn/v3/push. Headers:
	user-agent: jpush-api-python-client
	connection: keep-alive
	content-type: application/json;charset:utf-8
Body:
	{"audience": {"registration_id": ["191e35f7e16e38b69b5", "191e35f7e16e9d9d101", "191e35f7e16edbeb24c", "191e35f7e17809268f3", "191e35f7e178557d3f9", "191e35f7e1786d11ed0", "191e35f7e178ac60264", "191e35f7e178f9502f0", "191e35f7e179085c9e5", "191e35f7e17930da7f5", "191e35f7e179491a694", "191e35f7e179577a517", "191e35f7e1795b4cdf4", "1a1018970b8048c5b58", "1a1018970b8052f72d4", "1a1018970b80531ca06", "1a1018970b80562a053", "1a1018970b8065b67d2", "1a1018970b80744feb1", "1a1018970b80890956a", "1a1018970b808a323fc", "1a1018970b80e81a1ae", "1a1018970b80e85e798", "1a1018970b80f091121", "1a1018970b80f1c75f4", "1a1018970b80f286042", "1a1018970b810a40a6b", "1a1018970b810bfa268", "1a1018970b8111f3286", "1a1018970b81128b11d", "1a1018970b8113ccbdd", "1a1018970b811d36f98", "1a1018970b8145c8cbc", "1a1018970b8169e0609", "1a1018970b816d0495a", "1a1018970b817226716", "1a1018970b81b2f0ed1", "1a1018970b81bd8d603", "1a1018970b81c85f5d1", "1a1018970b81edd9b38", "1a1018970b822a16dd8", "1a1018970b8291bf0a9", "1a1018970b841b6c69d", "1a1018970b842913c52", "1a1018970b842c619e3", "1a1018970b8473441f2", "1a1018970b84cd76865", "1a1018970b84d5dab40", "1a1018970b85075dc0e", "1a1018970b85093ebcf", "1a1018970b853a89753", "1a1018970b8542dbc62", "1a1018970b85777fa6a", "1a1018970b858206d50", "1a1018970b858c1c80b", "1a1018970b858f1d74f", "1a1018970b85a891625", "1a1018970b85dc6281c", "1a1018970b85df9e29b", "1a1018970b85e27acd6", "1a1018970b860ae78d3", "1a1018970b86445309d", "1a1018970b86522b701", "1a1018970b866ae65fb", "1a1018970b86a807865", "1a1018970b86c86d805", "1a1018970b86ee17a7b", "1a1018970b871d0e617", "1a1018970b872aae029", "1a1018970b8742adcf0", "1a1018970b877ea5208", "1a1018970b8781099b9", "1a1018970b87d42d6c0", "1a1018970b87d533847", "1a1018970b87d7b9e37", "1a1018970b882467b1e", "1a1018970b883df6e90", "1a1018970b8c31b6d74", "1a1018970b8c69ac20e", "1a1018970b8d3710244", "1a1018970b8d37d1dc2", "1a1018970b8df1833cb", "1a1018970b8e4d549aa", "1a1018970b8e518eda4", "1a1018970b8e97f03f5", "1a1018970b8ef6c73e3", "1a1018970b9a352d95a", "1a1018970b9a4393d31", "1a1018970b9a4729dbe", "1a1018970b9b0b1b1e6", "1a1018970b9b0f43ab7", "1a1018970b9b5afcf5d", "1a1018970b9b60fe194", "1a1018970b9b6d40156", "1a1018970b9b6db0363", "1a1018970b9b6dbccfb", "1a1018970b9b6e34594", "1a1018970b9b82273cd", "1a1018970b9b8be4af1", "1a1018970b9bb9e15b1", "1a1018970b9be2ba198"]}, "platform": "all", "notification": {"ios": {"alert": {"title": "\u6bd4\u7279\u5e01\u73b0\u8d27ETF\u8f6c\u5165\u51c0\u6d41\u5165\uff0c\u6628\u65e5\u589e\u8d857500\u4e07\u7f8e\u5143", "body": "\u54c8\u4e16\u94fe\u95fb\u6d88\u606f\uff0c\u6570\u636e\u663e\u793a\uff0c11\u670819\u65e5\u7f8e\u4e1c\u65f6\u95f4\uff0c\u6bd4\u7279\u5e01\u73b0\u8d27ETF\u603b\u51c0\u6d41\u51657546.96\u4e07\u7f8e\u5143\uff0c\u5728\u8fde\u7eed\u4e94\u65e5\u51c0\u6d41\u51fa\u540e\u9996\u6b21\u5b9e\u73b0\u51c0\u6d41\u5165\u3002\u5176\u4e2d\uff0c\u8d1d\u83b1\u5fb7IBIT\u51c0\u6d41\u51656060.84\u4e07\u7f8e\u5143\uff0c\u7070\u5ea6BTC\u51c0\u6d41\u51655383.83\u4e07\u7f8e\u5143\uff1b\u5bcc\u8fbeFBTC\u51c0\u6d41\u51fa2135.17\u4e07\u7f8e\u5143\u3002\u622a\u81f3\u5f53\u524d\uff0c\u6bd4\u7279\u5e01\u73b0\u8d27ETF\u603b\u8d44\u4ea7\u51c0\u503c\u8fbe1173.45\u4ebf\u7f8e\u5143\uff0c\u5360\u6bd4\u7279\u5e01\u603b\u5e02\u503c6.57%\uff0c\u5386\u53f2\u7d2f\u8ba1\u51c0\u6d41\u5165\u8fbe583\u4ebf\u7f8e\u5143\u3002"}, "badge": "+1", "sound": "default", "extras": {"newsid": "CVDJkdqgKr"}}, "android": {"alert": "\u6bd4\u7279\u5e01\u73b0\u8d27ETF\u8f6c\u5165\u51c0\u6d41\u5165\uff0c\u6628\u65e5\u589e\u8d857500\u4e07\u7f8e\u5143"}}}
DEBUG:urllib3.connectionpool:https://api.jpush.cn:443 "POST /v3/push HTTP/11" 200 43
DEBUG:jpush:Received 200 response. Headers:
	Date: Thu, 20 Nov 2025 05:00:05 GMT
	Content-Type: application/json
	Content-Length: 43
	Connection: keep-alive
	X-Rate-Limit-Limit: 300
	X-Rate-Limit-Remaining: 298
	X-Rate-Limit-Reset: 60
	X-Jpush-Timestamp: 1763614805459
	Server: elb
Body:
	b'{"sendno":"0","msg_id":"18102696240935464"}'

检查是否有待推送的新闻...
没有待推送的新闻
检查是否有待推送的新闻...
没有待推送的新闻
检查是否有待推送的新闻...
没有待推送的新闻
检查是否有待推送的新闻...
没有待推送的新闻
检查是否有待推送的新闻...
没有待推送的新闻
检查是否有待推送的新闻...
没有待推送的新闻
检查是否有待推送的新闻...
没有待推送的新闻
检查是否有待推送的新闻...
没有待推送的新闻
检查是否有待推送的新闻...
没有待推送的新闻
检查是否有待推送的新闻...
没有待推送的新闻
检查是否有待推送的新闻...
没有待推送的新闻
检查是否有待推送的新闻...
没有待推送的新闻
检查是否有待推送的新闻...
没有待推送的新闻
检查是否有待推送的新闻...
没有待推送的新闻
检查是否有待推送的新闻...
没有待推送的新闻
检查是否有待推送的新闻...
没有待推送的新闻
检查是否有待推送的新闻...
没有待推送的新闻
检查是否有待推送的新闻...
没有待推送的新闻
检查是否有待推送的新闻...
没有待推送的新闻
检查是否有待推送的新闻...
没有待推送的新闻
检查是否有待推送的新闻...
没有待推送的新闻
检查是否有待推送的新闻...
没有待推送的新闻
检查是否有待推送的新闻...
没有待推送的新闻
检查是否有待推送的新闻...
没有待推送的新闻
检查是否有待推送的新闻...
没有待推送的新闻
检查是否有待推送的新闻...
没有待推送的新闻
检查是否有待推送的新闻...
没有待推送的新闻
检查是否有待推送的新闻...
没有待推送的新闻
检查是否有待推送的新闻...
没有待推送的新闻
检查是否有待推送的新闻...
没有待推送的新闻
检查是否有待推送的新闻...
没有待推送的新闻
检查是否有待推送的新闻...
没有待推送的新闻
检查是否有待推送的新闻...
没有待推送的新闻
检查是否有待推送的新闻...
没有待推送的新闻
检查是否有待推送的新闻...
没有待推送的新闻
检查是否有待推送的新闻...
没有待推送的新闻
检查是否有待推送的新闻...
没有待推送的新闻
检查是否有待推送的新闻...
没有待推送的新闻
检查是否有待推送的新闻...
没有待推送的新闻
检查是否有待推送的新闻...
没有待推送的新闻
检查是否有待推送的新闻...
没有待推送的新闻
检查是否有待推送的新闻...
没有待推送的新闻
检查是否有待推送的新闻...
没有待推送的新闻
检查是否有待推送的新闻...
没有待推送的新闻
检查是否有待推送的新闻...
没有待推送的新闻
检查是否有待推送的新闻...
没有待推送的新闻
检查是否有待推送的新闻...
没有待推送的新闻
检查是否有待推送的新闻...
没有待推送的新闻
检查是否有待推送的新闻...
没有待推送的新闻
检查是否有待推送的新闻...
没有待推送的新闻
检查是否有待推送的新闻...
没有待推送的新闻
检查是否有待推送的新闻...
没有待推送的新闻
检查是否有待推送的新闻...
没有待推送的新闻
检查是否有待推送的新闻...
没有待推送的新闻
检查是否有待推送的新闻...
没有待推送的新闻
检查是否有待推送的新闻...
没有待推送的新闻
检查是否有待推送的新闻...
没有待推送的新闻
检查是否有待推送的新闻...
没有待推送的新闻
检查是否有待推送的新闻...
没有待推送的新闻
检查是否有待推送的新闻...
没有待推送的新闻
检查是否有待推送的新闻...
没有待推送的新闻
检查是否有待推送的新闻...
没有待推送的新闻
检查是否有待推送的新闻...
没有待推送的新闻
检查是否有待推送的新闻...
没有待推送的新闻
检查是否有待推送的新闻...
没有待推送的新闻
检查是否有待推送的新闻...
没有待推送的新闻
检查是否有待推送的新闻...
没有待推送的新闻
检查是否有待推送的新闻...
没有待推送的新闻
检查是否有待推送的新闻...
没有待推送的新闻
检查是否有待推送的新闻...
没有待推送的新闻
检查是否有待推送的新闻...
没有待推送的新闻
检查是否有待推送的新闻...
没有待推送的新闻
检查是否有待推送的新闻...
没有待推送的新闻
检查是否有待推送的新闻...

📤 正在推送 - 批次 1，数量 900
📄 标题: 比特币现货ETF转入净流入，昨日增超7500万美元
📝 内容前40字: 哈世链闻消息，数据显示，11月19日美东时间，比特币现货ETF总净流入7546....

✅ 批次 1 推送成功（900 人）

📤 正在推送 - 批次 2，数量 101
📄 标题: 比特币现货ETF转入净流入，昨日增超7500万美元
📝 内容前40字: 哈世链闻消息，数据显示，11月19日美东时间，比特币现货ETF总净流入7546....

✅ 批次 2 推送成功（101 人）
🎯 新闻 28955 推送完成并更新状态
检查是否有待推送的新闻...
没有待推送的新闻
检查是否有待推送的新闻...
没有待推送的新闻
检查是否有待推送的新闻...
没有待推送的新闻
检查是否有待推送的新闻...
没有待推送的新闻
检查是否有待推送的新闻...
没有待推送的新闻
检查是否有待推送的新闻...
没有待推送的新闻
检查是否有待推送的新闻...
没有待推送的新闻
检查是否有待推送的新闻...
没有待推送的新闻
检查是否有待推送的新闻...
没有待推送的新闻
检查是否有待推送的新闻...
没有待推送的新闻
检查是否有待推送的新闻...
没有待推送的新闻
检查是否有待推送的新闻...
没有待推送的新闻
检查是否有待推送的新闻...
没有待推送的新闻
检查是否有待推送的新闻...
没有待推送的新闻
检查是否有待推送的新闻...
没有待推送的新闻
检查是否有待推送的新闻...
没有待推送的新闻
检查是否有待推送的新闻...
没有待推送的新闻
检查是否有待推送的新闻...
没有待推送的新闻
检查是否有待推送的新闻...
没有待推送的新闻
检查是否有待推送的新闻...
没有待推送的新闻
检查是否有待推送的新闻...
没有待推送的新闻
检查是否有待推送的新闻...
没有待推送的新闻
检查是否有待推送的新闻...
没有待推送的新闻
检查是否有待推送的新闻...
没有待推送的新闻
检查是否有待推送的新闻...
没有待推送的新闻
检查是否有待推送的新闻...
没有待推送的新闻
检查是否有待推送的新闻...
没有待推送的新闻
检查是否有待推送的新闻...
没有待推送的新闻
检查是否有待推送的新闻...
没有待推送的新闻
检查是否有待推送的新闻...
没有待推送的新闻
检查是否有待推送的新闻...
没有待推送的新闻
检查是否有待推送的新闻...
没有待推送的新闻
检查是否有待推送的新闻...
没有待推送的新闻
检查是否有待推送的新闻...
没有待推送的新闻
检查是否有待推送的新闻...
没有待推送的新闻
检查是否有待推送的新闻...
没有待推送的新闻
检查是否有待推送的新闻...
没有待推送的新闻
检查是否有待推送的新闻...
没有待推送的新闻
检查是否有待推送的新闻...
没有待推送的新闻
检查是否有待推送的新闻...
没有待推送的新闻
检查是否有待推送的新闻...
没有待推送的新闻
检查是否有待推送的新闻...
没有待推送的新闻
检查是否有待推送的新闻...
没有待推送的新闻
检查是否有待推送的新闻...
没有待推送的新闻
检查是否有待推送的新闻...
没有待推送的新闻
检查是否有待推送的新闻...
没有待推送的新闻
检查是否有待推送的新闻...
没有待推送的新闻
检查是否有待推送的新闻...
没有待推送的新闻
检查是否有待推送的新闻...
没有待推送的新闻